// Jest Snapshot v1, https://goo.gl/fbAQLP

exports[`#LoginPage render correctly should render LoginPage 1`] = `
<LoginPage
  brandImgAlt="Kiali logo"
  brandImgSrc="logo-darkbkg.svg"
  className="kiali_f11fk3j8"
  footerListItems={
    <React.Fragment>
      <ListItem>
        <LoginFooterItem
          href="https://www.kiali.io/"
        >
          Documentation
        </LoginFooterItem>
      </ListItem>
      <ListItem>
        <LoginFooterItem
          href="https://github.com/kiali/kiali"
        >
          Contribute
        </LoginFooterItem>
      </ListItem>
    </React.Fragment>
  }
  footerListVariants="inline"
  loginTitle="Log in Kiali"
  textContent="Service mesh management for Istio."
>
  <Form
    data-test="login-form"
  >
    <FormHelperText />
    <FormGroup
      fieldId="token"
      isRequired={true}
      label="Token"
    >
      <TextInput
        id="token"
        isRequired={true}
        onChange={[Function]}
        type="password"
      />
    </FormGroup>
    <ActionGroup>
      <Button
        isDisabled={false}
        onClick={[Function]}
        style={
          Object {
            "width": "100%",
          }
        }
        type="submit"
        variant="primary"
      >
        Log In
      </Button>
    </ActionGroup>
  </Form>
</LoginPage>
`;
