// Jest Snapshot v1, https://goo.gl/fbAQLP

exports[`Language switch renders correctly 1`] = `
<Tooltip
  content={
    <React.Fragment>
      Switch language
    </React.Fragment>
  }
  exitDelay={0}
  position="bottom"
  trigger="mouseenter click"
>
  <Dropdown
    isOpen={false}
    onOpenChange={[Function]}
    onSelect={[Function]}
    popperProps={
      Object {
        "position": "center",
      }
    }
    toggle={[Function]}
  >
    <DropdownList>
      <DropdownItem
        key="English"
        onClick={[Function]}
      >
        <span>
          English
        </span>
        <Check
          className="kiali_fm5q8n4"
        />
      </DropdownItem>
      <DropdownItem
        key="Chinese"
        onClick={[Function]}
      >
        <span>
          中文
        </span>
      </DropdownItem>
    </DropdownList>
  </Dropdown>
</Tooltip>
`;
